map (build/datasets/mcd_ntu_night_13/loc_seq_s5_v025.bin): stride 2, 261 x 207 x 24 cells at 2.0 m, 44985 valid, built in 482 ms
frame   15:  5279 points, 72 hypotheses, track err 0.097 m, init FAIL (err 5.65 m, 14.3 deg), GPU 21.8 ms, CPU 1 thread 2002 ms, 12 threads 531 ms
frame   45:  5247 points, 72 hypotheses, track err 0.121 m, init ok   (err 0.13 m, 0.3 deg), GPU 23.5 ms, CPU 1 thread 2339 ms, 12 threads 656 ms
frame   75:  5287 points, 72 hypotheses, track err 0.113 m, init FAIL (err 2.73 m, 5.2 deg), GPU 22.6 ms, CPU 1 thread 2259 ms, 12 threads 599 ms
frame  105:  4647 points, 72 hypotheses, track err 0.096 m, init FAIL (err 3.39 m, 7.8 deg), GPU 104.7 ms, CPU 1 thread 2013 ms, 12 threads 612 ms
frame  135:  4636 points, 72 hypotheses, track err 0.025 m, init ok   (err 0.05 m, 0.3 deg), GPU 146.8 ms, CPU 1 thread 1822 ms, 12 threads 551 ms
frame  165:  5353 points, 72 hypotheses, track err 0.165 m, init ok   (err 0.08 m, 0.1 deg), GPU 164.8 ms
frame  195:  5920 points, 72 hypotheses, track err 0.058 m, init ok   (err 0.06 m, 0.1 deg), GPU 28.0 ms
frame  225:  7315 points, 72 hypotheses, track err 0.154 m, init FAIL (err 1.47 m, 7.6 deg), GPU 32.9 ms
frame  255:  7746 points, 72 hypotheses, track err 0.053 m, init FAIL (err 7.91 m, 19.9 deg), GPU 34.8 ms
frame  285:  7770 points, 72 hypotheses, track err 0.216 m, init FAIL (err 1.10 m, 2.8 deg), GPU 35.4 ms
frame  315:  7500 points, 72 hypotheses, track err 0.145 m, init FAIL (err 3.13 m, 14.0 deg), GPU 32.7 ms
frame  345:  5429 points, 72 hypotheses, track err 0.075 m, init ok   (err 0.08 m, 0.2 deg), GPU 21.8 ms
frame  375:  5806 points, 72 hypotheses, track err 0.138 m, init FAIL (err 6.06 m, 10.4 deg), GPU 22.7 ms
frame  405:  4407 points, 72 hypotheses, track err 0.087 m, init FAIL (err 2.75 m, 3.2 deg), GPU 18.3 ms
frame  435:  4421 points, 72 hypotheses, track err 0.074 m, init FAIL (err 6.71 m, 12.6 deg), GPU 17.7 ms
frame  465:  5796 points, 72 hypotheses, track err 0.019 m, init FAIL (err 6.70 m, 14.1 deg), GPU 22.4 ms
frame  495:  6670 points, 72 hypotheses, track err 0.090 m, init FAIL (err 9.52 m, 18.2 deg), GPU 25.0 ms
frame  525:  6754 points, 72 hypotheses, track err 0.282 m, init ok   (err 0.28 m, 1.2 deg), GPU 25.6 ms
frame  555:  5845 points, 72 hypotheses, track err 0.280 m, init FAIL (err 1.84 m, 2.0 deg), GPU 22.7 ms
frame  585:  5151 points, 72 hypotheses, track err 0.295 m, init ok   (err 0.30 m, 0.2 deg), GPU 20.5 ms
frame  615:  5401 points, 72 hypotheses, track err 0.239 m, init FAIL (err 3.67 m, 5.8 deg), GPU 20.2 ms
frame  645:  5787 points, 72 hypotheses, track err 0.189 m, init ok   (err 0.19 m, 0.0 deg), GPU 22.2 ms
frame  675:  6565 points, 72 hypotheses, track err 0.287 m, init FAIL (err 1.04 m, 0.3 deg), GPU 24.3 ms
frame  705:  6558 points, 72 hypotheses, track err 0.336 m, init ok   (err 0.34 m, 0.3 deg), GPU 24.6 ms
frame  735:  6400 points, 72 hypotheses, track err 0.281 m, init ok   (err 0.29 m, 0.2 deg), GPU 24.0 ms
frame  765:  5990 points, 72 hypotheses, track err 0.271 m, init FAIL (err 2.45 m, 6.1 deg), GPU 22.6 ms
frame  795:  5629 points, 72 hypotheses, track err 0.228 m, init FAIL (err 1.36 m, 5.8 deg), GPU 21.4 ms
frame  825:  6431 points, 72 hypotheses, track err 0.152 m, init FAIL (err 3.51 m, 16.2 deg), GPU 24.3 ms
frame  855:  6718 points, 72 hypotheses, track err 0.223 m, init FAIL (err 3.34 m, 8.8 deg), GPU 25.3 ms
frame  885:  7382 points, 72 hypotheses, track err 0.091 m, init ok   (err 0.09 m, 0.0 deg), GPU 27.7 ms
frame  915:  7635 points, 72 hypotheses, track err 0.116 m, init FAIL (err 7.42 m, 13.5 deg), GPU 27.9 ms
frame  945:  8105 points, 72 hypotheses, track err 0.067 m, init FAIL (err 2.79 m, 5.2 deg), GPU 29.8 ms
frame  975:  8279 points, 72 hypotheses, track err 0.065 m, init FAIL (err 2.61 m, 6.3 deg), GPU 30.1 ms
frame 1005:  8443 points, 72 hypotheses, track err 0.049 m, init FAIL (err 10.15 m, 14.2 deg), GPU 31.0 ms
frame 1035:  9575 points, 72 hypotheses, track err 0.052 m, init ok   (err 0.05 m, 0.1 deg), GPU 35.3 ms
frame 1065:  9758 points, 72 hypotheses, track err 0.059 m, init FAIL (err 4.32 m, 12.8 deg), GPU 35.3 ms
frame 1095:  8370 points, 72 hypotheses, track err 0.185 m, init ok   (err 0.19 m, 0.3 deg), GPU 31.3 ms
frame 1125:  8584 points, 72 hypotheses, track err 0.111 m, init FAIL (err 2.18 m, 3.5 deg), GPU 32.4 ms
frame 1155:  8393 points, 72 hypotheses, track err 0.214 m, init FAIL (err 5.34 m, 13.4 deg), GPU 31.1 ms
frame 1185:  7972 points, 72 hypotheses, track err 0.122 m, init ok   (err 0.12 m, 0.4 deg), GPU 28.0 ms

tracking from the ground truth within 0.3 m: 39/40
initial pose (prior error up to 10.0 m, yaw unknown, 72 hypotheses): 14/40 within 0.5 m and 2 deg
time per initialization: GPU 34.8 ms (all 40); on the 5 CPU-timed scans GPU 63.9 ms, CPU 1 thread 2087 ms, CPU 12 threads 590 ms
