map: 120 scans, 155 x 161 x 23 cells at 2.0 m, 21955 valid, built in 179 ms
frame   15:  5279 points, 72 hypotheses, track err 0.035 m, init FAIL (err 6.59 m, 16.5 deg), GPU 21.5 ms, CPU 1 thread 2051 ms, 12 threads 514 ms
frame   45:  5247 points, 72 hypotheses, track err 0.049 m, init ok   (err 0.05 m, 0.0 deg), GPU 22.9 ms, CPU 1 thread 2461 ms, 12 threads 632 ms
frame   75:  5287 points, 72 hypotheses, track err 0.038 m, init FAIL (err 3.78 m, 5.0 deg), GPU 22.2 ms, CPU 1 thread 2426 ms, 12 threads 631 ms
frame  105:  4647 points, 72 hypotheses, track err 0.037 m, init FAIL (err 5.05 m, 13.4 deg), GPU 101.5 ms, CPU 1 thread 2094 ms, 12 threads 515 ms
frame  135:  4636 points, 72 hypotheses, track err 0.054 m, init FAIL (err 0.81 m, 1.7 deg), GPU 182.1 ms, CPU 1 thread 2001 ms, 12 threads 500 ms
frame  165:  5353 points, 72 hypotheses, track err 0.127 m, init ok   (err 0.13 m, 0.8 deg), GPU 113.6 ms
frame  195:  5920 points, 72 hypotheses, track err 0.020 m, init ok   (err 0.02 m, 0.1 deg), GPU 116.7 ms
frame  225:  7315 points, 72 hypotheses, track err 0.111 m, init FAIL (err 2.43 m, 8.7 deg), GPU 80.8 ms
frame  255:  7746 points, 72 hypotheses, track err 0.041 m, init FAIL (err 7.88 m, 23.5 deg), GPU 33.9 ms
frame  285:  7770 points, 72 hypotheses, track err 0.131 m, init FAIL (err 1.00 m, 3.0 deg), GPU 34.8 ms
frame  315:  7500 points, 72 hypotheses, track err 0.134 m, init FAIL (err 2.75 m, 16.0 deg), GPU 33.2 ms
frame  345:  5429 points, 72 hypotheses, track err 0.063 m, init ok   (err 0.06 m, 0.1 deg), GPU 25.9 ms
frame  375:  5806 points, 72 hypotheses, track err 0.086 m, init FAIL (err 6.46 m, 11.9 deg), GPU 23.1 ms
frame  405:  4407 points, 72 hypotheses, track err 0.024 m, init FAIL (err 3.23 m, 6.3 deg), GPU 17.6 ms
frame  435:  4421 points, 72 hypotheses, track err 0.018 m, init FAIL (err 1.62 m, 10.8 deg), GPU 17.0 ms
frame  465:  5796 points, 72 hypotheses, track err 0.054 m, init FAIL (err 5.26 m, 12.6 deg), GPU 21.0 ms
frame  495:  6670 points, 72 hypotheses, track err 0.039 m, init FAIL (err 9.28 m, 18.3 deg), GPU 23.0 ms
frame  525:  6754 points, 72 hypotheses, track err 0.102 m, init ok   (err 0.10 m, 0.7 deg), GPU 23.8 ms
frame  555:  5845 points, 72 hypotheses, track err 0.099 m, init FAIL (err 4.45 m, 6.0 deg), GPU 20.6 ms
frame  585:  5151 points, 72 hypotheses, track err 0.063 m, init ok   (err 0.06 m, 0.1 deg), GPU 19.2 ms
frame  615:  5401 points, 72 hypotheses, track err 0.042 m, init FAIL (err 3.55 m, 8.0 deg), GPU 18.9 ms
frame  645:  5787 points, 72 hypotheses, track err 0.021 m, init ok   (err 0.02 m, 0.0 deg), GPU 20.9 ms
frame  675:  6565 points, 72 hypotheses, track err 0.043 m, init FAIL (err 0.51 m, 0.1 deg), GPU 22.8 ms
frame  705:  6558 points, 72 hypotheses, track err 0.065 m, init ok   (err 0.07 m, 0.1 deg), GPU 23.7 ms
frame  735:  6400 points, 72 hypotheses, track err 0.036 m, init ok   (err 0.04 m, 0.0 deg), GPU 23.2 ms
frame  765:  5990 points, 72 hypotheses, track err 0.054 m, init FAIL (err 2.28 m, 6.8 deg), GPU 21.7 ms
frame  795:  5629 points, 72 hypotheses, track err 0.065 m, init FAIL (err 0.91 m, 7.5 deg), GPU 20.7 ms
frame  825:  6431 points, 72 hypotheses, track err 0.035 m, init FAIL (err 2.87 m, 15.9 deg), GPU 23.6 ms
frame  855:  6718 points, 72 hypotheses, track err 0.137 m, init FAIL (err 3.78 m, 10.4 deg), GPU 24.9 ms
frame  885:  7382 points, 72 hypotheses, track err 0.048 m, init ok   (err 0.05 m, 0.0 deg), GPU 27.3 ms
frame  915:  7635 points, 72 hypotheses, track err 0.073 m, init FAIL (err 4.40 m, 10.4 deg), GPU 27.4 ms
frame  945:  8105 points, 72 hypotheses, track err 0.045 m, init FAIL (err 2.80 m, 5.5 deg), GPU 29.5 ms
frame  975:  8279 points, 72 hypotheses, track err 0.040 m, init FAIL (err 2.26 m, 5.6 deg), GPU 30.1 ms
frame 1005:  8443 points, 72 hypotheses, track err 0.028 m, init FAIL (err 2.73 m, 8.1 deg), GPU 30.7 ms
frame 1035:  9575 points, 72 hypotheses, track err 0.037 m, init ok   (err 0.04 m, 0.1 deg), GPU 34.8 ms
frame 1065:  9758 points, 72 hypotheses, track err 0.048 m, init FAIL (err 6.57 m, 13.8 deg), GPU 35.0 ms
frame 1095:  8370 points, 72 hypotheses, track err 0.124 m, init ok   (err 0.13 m, 0.2 deg), GPU 31.1 ms
frame 1125:  8584 points, 72 hypotheses, track err 0.117 m, init FAIL (err 2.19 m, 3.2 deg), GPU 31.6 ms
frame 1155:  8393 points, 72 hypotheses, track err 0.072 m, init FAIL (err 5.40 m, 12.1 deg), GPU 29.8 ms
frame 1185:  7972 points, 72 hypotheses, track err 0.049 m, init ok   (err 0.05 m, 0.1 deg), GPU 26.6 ms

tracking from the ground truth within 0.3 m: 40/40
initial pose (prior error up to 10.0 m, yaw unknown, 72 hypotheses): 13/40 within 0.5 m and 2 deg
time per initialization: GPU 37.2 ms (all 40); on the 5 CPU-timed scans GPU 70.0 ms, CPU 1 thread 2207 ms, CPU 12 threads 559 ms
