map (build/datasets/mcd_ntu_night_13/loc_seq_s5_v025.bin): stride 2, 261 x 207 x 24 cells at 2.0 m, 44985 valid, built in 590 ms
frame   15:  5279 points, 1936 hypotheses, track err 0.097 m, init ok   (err 0.10 m, 0.4 deg), GPU 224.7 ms, CPU 1 thread 45991 ms, 12 threads 11127 ms
  frame 45: CPU picks hypothesis 784, GPU 800; final poses 0.000 m, 0.00 deg apart
frame   45:  5247 points, 1936 hypotheses, track err 0.121 m, init ok   (err 0.12 m, 0.3 deg), GPU 346.7 ms, CPU 1 thread 53033 ms, 12 threads 12892 ms
frame   75:  5287 points, 1936 hypotheses, track err 0.113 m, init ok   (err 0.11 m, 0.3 deg), GPU 347.9 ms
frame  105:  4647 points, 1936 hypotheses, track err 0.096 m, init ok   (err 0.10 m, 0.4 deg), GPU 173.7 ms
frame  135:  4636 points, 1936 hypotheses, track err 0.025 m, init ok   (err 0.02 m, 0.2 deg), GPU 172.0 ms
frame  165:  5353 points, 1936 hypotheses, track err 0.165 m, init ok   (err 0.17 m, 0.5 deg), GPU 215.8 ms
frame  195:  5920 points, 1936 hypotheses, track err 0.058 m, init ok   (err 0.06 m, 0.1 deg), GPU 268.6 ms
frame  225:  7315 points, 1936 hypotheses, track err 0.154 m, init ok   (err 0.15 m, 0.6 deg), GPU 347.8 ms
frame  255:  7746 points, 1936 hypotheses, track err 0.053 m, init ok   (err 0.05 m, 0.1 deg), GPU 371.4 ms
frame  285:  7770 points, 1936 hypotheses, track err 0.216 m, init ok   (err 0.22 m, 0.6 deg), GPU 391.3 ms
frame  315:  7500 points, 1936 hypotheses, track err 0.145 m, init ok   (err 0.14 m, 0.3 deg), GPU 390.3 ms
frame  345:  5429 points, 1936 hypotheses, track err 0.075 m, init ok   (err 0.08 m, 0.2 deg), GPU 289.6 ms
frame  375:  5806 points, 1936 hypotheses, track err 0.138 m, init ok   (err 0.14 m, 0.3 deg), GPU 312.4 ms
frame  405:  4407 points, 1936 hypotheses, track err 0.087 m, init ok   (err 0.09 m, 0.1 deg), GPU 235.7 ms
frame  435:  4421 points, 1936 hypotheses, track err 0.074 m, init ok   (err 0.07 m, 0.4 deg), GPU 228.8 ms
frame  465:  5796 points, 1936 hypotheses, track err 0.019 m, init ok   (err 0.02 m, 0.4 deg), GPU 299.9 ms
frame  495:  6670 points, 1936 hypotheses, track err 0.090 m, init ok   (err 0.09 m, 0.4 deg), GPU 335.6 ms
frame  525:  6754 points, 1936 hypotheses, track err 0.282 m, init ok   (err 0.28 m, 1.2 deg), GPU 348.3 ms
frame  555:  5845 points, 1936 hypotheses, track err 0.280 m, init ok   (err 0.28 m, 0.2 deg), GPU 302.9 ms
frame  585:  5151 points, 1936 hypotheses, track err 0.295 m, init ok   (err 0.30 m, 0.2 deg), GPU 257.8 ms
frame  615:  5401 points, 1936 hypotheses, track err 0.239 m, init ok   (err 0.24 m, 0.1 deg), GPU 259.1 ms
frame  645:  5787 points, 1936 hypotheses, track err 0.189 m, init ok   (err 0.19 m, 0.0 deg), GPU 287.0 ms
frame  675:  6565 points, 1936 hypotheses, track err 0.287 m, init ok   (err 0.29 m, 0.2 deg), GPU 333.5 ms
frame  705:  6558 points, 1936 hypotheses, track err 0.336 m, init ok   (err 0.34 m, 0.3 deg), GPU 341.5 ms
frame  735:  6400 points, 1936 hypotheses, track err 0.281 m, init ok   (err 0.29 m, 0.2 deg), GPU 328.5 ms
frame  765:  5990 points, 1936 hypotheses, track err 0.271 m, init ok   (err 0.28 m, 0.3 deg), GPU 298.6 ms
frame  795:  5629 points, 1936 hypotheses, track err 0.228 m, init ok   (err 0.23 m, 0.1 deg), GPU 276.8 ms
frame  825:  6431 points, 1936 hypotheses, track err 0.152 m, init ok   (err 0.16 m, 0.2 deg), GPU 314.0 ms
frame  855:  6718 points, 1936 hypotheses, track err 0.223 m, init ok   (err 0.23 m, 0.2 deg), GPU 341.1 ms
frame  885:  7382 points, 1936 hypotheses, track err 0.091 m, init ok   (err 0.09 m, 0.0 deg), GPU 371.8 ms
frame  915:  7635 points, 1936 hypotheses, track err 0.116 m, init ok   (err 0.12 m, 0.1 deg), GPU 376.0 ms
frame  945:  8105 points, 1936 hypotheses, track err 0.067 m, init ok   (err 0.07 m, 0.7 deg), GPU 404.9 ms
frame  975:  8279 points, 1936 hypotheses, track err 0.065 m, init ok   (err 0.07 m, 0.1 deg), GPU 410.3 ms
frame 1005:  8443 points, 1936 hypotheses, track err 0.049 m, init ok   (err 0.05 m, 0.0 deg), GPU 431.0 ms
frame 1035:  9575 points, 1936 hypotheses, track err 0.052 m, init ok   (err 0.05 m, 0.1 deg), GPU 485.1 ms
frame 1065:  9758 points, 1936 hypotheses, track err 0.059 m, init ok   (err 0.06 m, 0.1 deg), GPU 487.0 ms
frame 1095:  8370 points, 1936 hypotheses, track err 0.185 m, init ok   (err 0.19 m, 0.3 deg), GPU 424.0 ms
frame 1125:  8584 points, 1936 hypotheses, track err 0.111 m, init ok   (err 0.11 m, 1.6 deg), GPU 457.7 ms
frame 1155:  8393 points, 1936 hypotheses, track err 0.214 m, init ok   (err 0.22 m, 1.4 deg), GPU 435.2 ms
frame 1185:  7972 points, 1936 hypotheses, track err 0.122 m, init ok   (err 0.12 m, 0.4 deg), GPU 404.5 ms

tracking from the ground truth within 0.3 m: 39/40
initial pose (prior error up to 10.0 m, yaw unknown, 1936 hypotheses): 40/40 within 0.5 m and 2 deg
time per initialization: GPU 333.2 ms (all 40); on the 2 CPU-timed scans GPU 285.7 ms, CPU 1 thread 49513 ms, CPU 12 threads 12010 ms
